[03-Aug-2026 15:35:12] NOTICE: fpm is running, pid 28638
[03-Aug-2026 15:35:12] NOTICE: ready to handle connections
[03-Aug-2026 15:35:12] NOTICE: systemd monitor interval set to 10000ms
[03-Aug-2026 15:35:14 Europe/Berlin] PHP Notice:  Array to string conversion in /media/kdonlon/data/Documents/42/webserv/git/tst/server/test.php on line 28
[03-Aug-2026 15:35:14 Europe/Berlin] PHP Notice:  Undefined index: REMOTE_ADDR in /media/kdonlon/data/Documents/42/webserv/git/tst/server/test.php on line 31
[03-Aug-2026 15:35:14 Europe/Berlin] PHP Notice:  Undefined index: file in /media/kdonlon/data/Documents/42/webserv/git/tst/server/test.php on line 35
[03-Aug-2026 15:35:14 Europe/Berlin] PHP Notice:  Undefined index: file in /media/kdonlon/data/Documents/42/webserv/git/tst/server/test.php on line 36
[03-Aug-2026 15:35:14 Europe/Berlin] PHP Notice:  Trying to access array offset on value of type null in /media/kdonlon/data/Documents/42/webserv/git/tst/server/test.php on line 36
[03-Aug-2026 15:35:14 Europe/Berlin] PHP Notice:  Undefined index: file in /media/kdonlon/data/Documents/42/webserv/git/tst/server/test.php on line 36
[03-Aug-2026 15:35:14 Europe/Berlin] PHP Notice:  Trying to access array offset on value of type null in /media/kdonlon/data/Documents/42/webserv/git/tst/server/test.php on line 36
[03-Aug-2026 15:35:41] NOTICE: Terminating ...
[03-Aug-2026 15:35:41] NOTICE: exiting, bye-bye!
[03-Aug-2026 15:35:41] NOTICE: fpm is running, pid 28679
[03-Aug-2026 15:35:41] NOTICE: ready to handle connections
[03-Aug-2026 15:35:41] NOTICE: systemd monitor interval set to 10000ms
NOTICE: PHP message: PHP Notice:  Array to string conversion in /media/kdonlon/data/Documents/42/webserv/git/tst/server/test.php on line 28
NOTICE: PHP message: PHP Notice:  Undefined index: REMOTE_ADDR in /media/kdonlon/data/Documents/42/webserv/git/tst/server/test.php on line 31
NOTICE: PHP message: PHP Notice:  Undefined index: file in /media/kdonlon/data/Documents/42/webserv/git/tst/server/test.php on line 35
NOTICE: PHP message: PHP Notice:  Undefined index: file in /media/kdonlon/data/Documents/42/webserv/git/tst/server/test.php on line 36
NOTICE: PHP message: PHP Notice:  Trying to access array offset on value of type null in /media/kdonlon/data/Documents/42/webserv/git/tst/server/test.php on line 36
NOTICE: PHP message: PHP Notice:  Undefined index: file in /media/kdonlon/data/Documents/42/webserv/git/tst/server/test.php on line 36
NOTICE: PHP message: PHP Notice:  Trying to access array offset on value of type null in /media/kdonlon/data/Documents/42/webserv/git/tst/server/test.php on line 36
[03-Aug-2026 15:36:53] NOTICE: Terminating ...
[03-Aug-2026 15:36:53] NOTICE: exiting, bye-bye!
[03-Aug-2026 15:37:15] NOTICE: fpm is running, pid 28850
[03-Aug-2026 15:37:15] NOTICE: ready to handle connections
[03-Aug-2026 15:37:15] NOTICE: systemd monitor interval set to 10000ms
NOTICE: PHP message: PHP Notice:  Array to string conversion in /media/kdonlon/data/Documents/42/webserv/git/tst/server/test.php on line 28
NOTICE: PHP message: PHP Notice:  Undefined index: REMOTE_ADDR in /media/kdonlon/data/Documents/42/webserv/git/tst/server/test.php on line 31
NOTICE: PHP message: PHP Notice:  Undefined index: file in /media/kdonlon/data/Documents/42/webserv/git/tst/server/test.php on line 35
NOTICE: PHP message: PHP Notice:  Undefined index: file in /media/kdonlon/data/Documents/42/webserv/git/tst/server/test.php on line 36
NOTICE: PHP message: PHP Notice:  Trying to access array offset on value of type null in /media/kdonlon/data/Documents/42/webserv/git/tst/server/test.php on line 36
NOTICE: PHP message: PHP Notice:  Undefined index: file in /media/kdonlon/data/Documents/42/webserv/git/tst/server/test.php on line 36
NOTICE: PHP message: PHP Notice:  Trying to access array offset on value of type null in /media/kdonlon/data/Documents/42/webserv/git/tst/server/test.php on line 36
NOTICE: PHP message: PHP Notice:  Array to string conversion in /media/kdonlon/data/Documents/42/webserv/git/tst/server/test.php on line 28
NOTICE: PHP message: PHP Notice:  Undefined index: REMOTE_ADDR in /media/kdonlon/data/Documents/42/webserv/git/tst/server/test.php on line 31
NOTICE: PHP message: PHP Notice:  Undefined index: file in /media/kdonlon/data/Documents/42/webserv/git/tst/server/test.php on line 35
NOTICE: PHP message: PHP Notice:  Undefined index: file in /media/kdonlon/data/Documents/42/webserv/git/tst/server/test.php on line 36
NOTICE: PHP message: PHP Notice:  Trying to access array offset on value of type null in /media/kdonlon/data/Documents/42/webserv/git/tst/server/test.php on line 36
NOTICE: PHP message: PHP Notice:  Undefined index: file in /media/kdonlon/data/Documents/42/webserv/git/tst/server/test.php on line 36
NOTICE: PHP message: PHP Notice:  Trying to access array offset on value of type null in /media/kdonlon/data/Documents/42/webserv/git/tst/server/test.php on line 36
[03-Aug-2026 15:50:57] NOTICE: Terminating ...
[03-Aug-2026 15:50:57] NOTICE: exiting, bye-bye!
[03-Aug-2026 15:52:16] NOTICE: fpm is running, pid 30396
[03-Aug-2026 15:52:16] NOTICE: ready to handle connections
[03-Aug-2026 15:52:16] NOTICE: systemd monitor interval set to 10000ms
NOTICE: PHP message: PHP Notice:  Array to string conversion in /media/kdonlon/data/Documents/42/webserv/git/tst/server/test.php on line 28
NOTICE: PHP message: PHP Notice:  Undefined index: REMOTE_ADDR in /media/kdonlon/data/Documents/42/webserv/git/tst/server/test.php on line 31
NOTICE: PHP message: PHP Notice:  Undefined index: file in /media/kdonlon/data/Documents/42/webserv/git/tst/server/test.php on line 35
NOTICE: PHP message: PHP Notice:  Undefined index: file in /media/kdonlon/data/Documents/42/webserv/git/tst/server/test.php on line 36
NOTICE: PHP message: PHP Notice:  Trying to access array offset on value of type null in /media/kdonlon/data/Documents/42/webserv/git/tst/server/test.php on line 36
NOTICE: PHP message: PHP Notice:  Undefined index: file in /media/kdonlon/data/Documents/42/webserv/git/tst/server/test.php on line 36
NOTICE: PHP message: PHP Notice:  Trying to access array offset on value of type null in /media/kdonlon/data/Documents/42/webserv/git/tst/server/test.php on line 36
[03-Aug-2026 15:52:38] NOTICE: Terminating ...
[03-Aug-2026 15:52:38] NOTICE: exiting, bye-bye!
